Drill report for VNA.kicad_pcb
Created on 2024-02-29T19:19:50-0500

Copper Layer Stackup:
    =============================================================
    L1 :  F.Cu                      front
    L2 :  In1.Cu                    in1
    L3 :  In2.Cu                    in2
    L4 :  In3.Cu                    in3
    L5 :  In4.Cu                    in4
    L6 :  B.Cu                      back


Drill file 'VNA-PTH.drl' contains
    plated through holes:
    =============================================================
    T1  0.250mm  0.0098"  (2863 holes)
    T2  0.300mm  0.0118"  (3 holes)
    T3  0.600mm  0.0236"  (4 holes)  (with 4 slots)
    T4  0.800mm  0.0315"  (3 holes)
    T5  1.000mm  0.0394"  (30 holes)
    T6  3.200mm  0.1260"  (21 holes)

    Total plated holes count 2924


Drill file 'VNA-NPTH.drl' contains
    unplated through holes:
    =============================================================
    T1  0.650mm  0.0256"  (2 holes)
    T2  1.200mm  0.0472"  (1 hole)

    Total unplated holes count 3
